// Jest Snapshot v1, https://goo.gl/fbAQLP

exports[`toMatchStyledSnapshot >> component >> SCComponent >> styled.div 1`] = `
"
{
  -webkit-font-smoothing: antialiased;
  -moz-osx-font-smoothing: grayscale;
  box-sizing: border-box;
  position: relative;
}
"
`;

exports[`toMatchStyledSnapshot >> component >> SCComponent >> styled.li 1`] = `
"
{
  margin-left: 12px;

  position: absolute;
  padding: null;
  &:last-child {
    margin-left: 0;
  }
}
"
`;

exports[`toMatchStyledSnapshot >> component >> SCComponent >> styled.ul 1`] = `
"
{
  margin: 0;
  padding: 0;
}
"
`;

exports[`toMatchStyledSnapshot >> component >> SCComponent 1`] = `
<styled.div>
  <ClassComponent />
  <FunctionComponent />
  <styled.ul>
    <styled.li>
      One
    </styled.li>
    <styled.li>
      Two
    </styled.li>
    <styled.li>
      Three
    </styled.li>
    <styled.li>
      Four
    </styled.li>
  </styled.ul>
</styled.div>
`;
